11:29:57 │ INFO    │ DedupEngine initialized: 266 posts in history, 266 topics tracked
11:29:57 │ INFO    │ ============================================================
11:29:57 │ INFO    │   PRISHA ONLINE DOCUMENTATION — Instagram Engine v2.0 Starting
11:29:57 │ INFO    │ ============================================================
11:29:57 │ INFO    │ ============================================================
11:29:57 │ INFO    │   Step 1: Post Strategy
11:29:57 │ INFO    │ ============================================================
11:29:57 │ INFO    │ Strategy: social_proof | Pillar: business_registration | Face: True
11:29:57 │ INFO    │ ============================================================
11:29:57 │ INFO    │   Step 2: Trend Research
11:29:57 │ INFO    │ ============================================================
11:29:57 │ INFO    │ Found 18 topics from research
11:29:57 │ INFO    │ ============================================================
11:29:57 │ INFO    │   Step 3: Topic Selection
11:29:57 │ INFO    │ ============================================================
11:29:57 │ INFO    │ Selected: 💰 Government Giving RS 25 LAKH Support — Are You Eligible?
11:29:57 │ INFO    │ Category: loan_subsidy | Score: 73.2/100
11:29:57 │ INFO    │ ============================================================
11:29:57 │ INFO    │   Step 4: Style Analysis
11:29:57 │ INFO    │ ============================================================
11:29:57 │ INFO    │ Template: social_proof
11:29:57 │ INFO    │ ============================================================
11:29:57 │ INFO    │   Step 5: Headline Competition
11:29:57 │ INFO    │ ============================================================
11:29:57 │ INFO    │ Winner: ❓ Is Your Business Missing This Benefit?
11:29:57 │ INFO    │ Scores: {'curiosity': 10, 'brevity': 9, 'emotional_trigger': 5, 'clarity': 7, '_total': 31}
11:29:57 │ INFO    │ ============================================================
11:29:57 │ INFO    │   Step 6: Content Creation
11:29:57 │ INFO    │ ============================================================
11:29:57 │ INFO    │ English caption: 247 chars
11:29:57 │ INFO    │ Marathi caption: 200 chars
11:29:57 │ INFO    │ Hashtags: 12
11:29:57 │ INFO    │ CTA: 📌 Save This Post
11:29:57 │ INFO    │ ============================================================
11:29:57 │ INFO    │   Step 7: Image Composition
11:29:57 │ INFO    │ ============================================================
11:29:58 │ INFO    │ Image saved: /home/runner/work/prisha-instagram-engine/prisha-instagram-engine/images/post_v3_1791458997.png
11:29:58 │ INFO    │ ============================================================
11:29:58 │ INFO    │   Step 8: Quality Gate
11:29:58 │ INFO    │ ============================================================
11:29:58 │ INFO    │ Virality Score: 69.7%
11:29:58 │ INFO    │ Reference Similarity: 75%
11:29:58 │ INFO    │   ✓ curiosity: 10/10
11:29:58 │ INFO    │   ✓ financial_opportunity: 10/10
11:29:58 │ INFO    │   ✗ urgency: 4/10
11:29:58 │ INFO    │   ✗ trust: 5/10
11:29:58 │ INFO    │   ✗ visual_appeal: 7/10
11:29:58 │ INFO    │   ✓ shareability: 8/10
11:29:58 │ INFO    │   ✗ engagement_potential: 5/10
11:29:58 │ INFO    │   ✗ local_relevance: 6/10
11:29:58 │ INFO    │   ✗ lead_generation: 6/10
11:29:58 │ INFO    │   ✗ humanization: 7/10
11:29:58 │ INFO    │ Humanization: FAIL (9/10)
11:29:58 │ WARNING │   ⚠ No clear CTA in caption
11:29:58 │ WARNING │ Virality check failed on: ['urgency', 'trust', 'visual_appeal', 'engagement_potential', 'local_relevance', 'lead_generation', 'humanization']
11:29:58 │ WARNING │ Attempting regeneration...
11:29:58 │ WARNING │ Humanization concerns detected — publishing with caution
11:29:58 │ INFO    │ ============================================================
11:29:58 │ INFO    │   Step 9: Publishing to Instagram
11:29:58 │ INFO    │ ============================================================
11:29:58 │ INFO    │ Using image URL override: https://raw.githubusercontent.com/SwamiChaudhari/prisha-instagram-engine/main/images/post_v3_1791458980.png
11:29:58 │ ERROR   │ Publish failed: Image file not found: https://raw.githubusercontent.com/SwamiChaudhari/prisha-instagram-engine/main/images/post_v3_1791458980.png
11:29:58 │ INFO    │ History saved. Total posts: 267
11:29:58 │ INFO    │ ============================================================
11:29:58 │ INFO    │   PIPELINE SUMMARY
11:29:58 │ INFO    │ ============================================================
11:29:58 │ INFO    │ Date:      2026-10-08
11:29:58 │ INFO    │ Template:  social_proof
11:29:58 │ INFO    │ Pillar:    business_registration
11:29:58 │ INFO    │ Headline:  ❓ Is Your Business Missing This Benefit?
11:29:58 │ INFO    │ Virality:  69.7%
11:29:58 │ INFO    │ Reference: 75%
11:29:58 │ INFO    │ Success:   False
11:29:58 │ INFO    │ Error:     Image file not found: https://raw.githubusercontent.com/SwamiChaudhari/prisha-instagram-engine/main/images/post_v3_1791458980.png
